============================= test session starts =============================
platform win32 -- Python 3.14.3, pytest-9.0.3, pluggy-1.6.0 -- C:\Users\gu268\Projetos\Django-projetos\venv\Scripts\python.exe
cachedir: .pytest_cache
django: version: 6.0.3, settings: config.settings (from ini)
rootdir: C:\Users\gu268\Projetos\Django-projetos\SIGE
configfile: pytest.ini
plugins: Faker-40.15.0, cov-7.1.0, django-4.12.0
collecting ... collected 3 items

apps/ti/tests/test_ti_views.py::test_painel_ti_access_mocked ERROR       [ 33%]
apps/ti/tests/test_ti_views.py::test_infraestrutura_ti_access_mocked ERROR [ 66%]
apps/ti/tests/test_ti_views.py::test_api_logs_lgpd_mocked ERROR          [100%]

=================================== ERRORS ====================================
_______________ ERROR at setup of test_painel_ti_access_mocked ________________

request = <SubRequest 'django_db_setup' for <Function test_painel_ti_access_mocked>>
django_test_environment = None
django_db_blocker = <pytest_django.plugin.DjangoDbBlocker object at 0x000001EB92231A90>
django_db_use_migrations = True, django_db_keepdb = True
django_db_createdb = False, django_db_modify_db_settings = None

    @pytest.fixture(scope="session")
    def django_db_setup(
        request: pytest.FixtureRequest,
        django_test_environment: None,  # noqa: ARG001
        django_db_blocker: DjangoDbBlocker,
        django_db_use_migrations: bool,
        django_db_keepdb: bool,
        django_db_createdb: bool,
        django_db_modify_db_settings: None,  # noqa: ARG001
    ) -> Generator[None, None, None]:
        """Top level fixture to ensure test databases are available"""
        from django.test.utils import setup_databases, teardown_databases
    
        setup_databases_args = {}
    
        if not django_db_use_migrations:
            _disable_migrations()
    
        if django_db_keepdb and not django_db_createdb:
            setup_databases_args["keepdb"] = True
    
        aliases, serialized_aliases = _get_databases_for_setup(request.session.items)
    
        with django_db_blocker.unblock():
>           db_cfg = setup_databases(
                verbosity=request.config.option.verbose,
                interactive=False,
                aliases=aliases,
                serialized_aliases=serialized_aliases,
                **setup_databases_args,
            )

..\venv\Lib\site-packages\pytest_django\fixtures.py:186: 
_ _ _ _ _ _ _ _ _ _ _ _ _ _ _ _ _ _ _ _ _ _ _ _ _ _ _ _ _ _ _ _ _ _ _ _ _ _ _ _

verbosity = 1, interactive = False
time_keeper = <django.test.utils.NullTimeKeeper object at 0x000001EB962B8830>
keepdb = True, debug_sql = False, parallel = 0, aliases = ['default']
serialized_aliases = set(), kwargs = {}
test_databases = {('sige-banco123-jguilhermesnetos.c.aivencloud.com', 23331, 'django.db.backends.mysql', 'test_defaultdb'): ('defaultdb', ['default'])}

    def setup_databases(
        verbosity,
        interactive,
        *,
        time_keeper=None,
        keepdb=False,
        debug_sql=False,
        parallel=0,
        aliases=None,
        serialized_aliases=None,
        **kwargs,
    ):
        """Create the test databases."""
        if time_keeper is None:
            time_keeper = NullTimeKeeper()
    
        test_databases, mirrored_aliases = get_unique_databases_and_mirrors(aliases)
    
        old_names = []
        serialize_connections = []
    
        for db_name, aliases in test_databases.values():
            first_alias = None
            for alias in aliases:
                connection = connections[alias]
                old_names.append((connection, db_name, first_alias is None))
    
                # Actually create the database for the first connection
                if first_alias is None:
                    first_alias = alias
                    with time_keeper.timed("  Creating '%s'" % alias):
>                       connection.creation.create_test_db(
                            verbosity=verbosity,
                            autoclobber=not interactive,
                            keepdb=keepdb,
                        )

..\venv\Lib\site-packages\django\test\utils.py:207: 
_ _ _ _ _ _ _ _ _ _ _ _ _ _ _ _ _ _ _ _ _ _ _ _ _ _ _ _ _ _ _ _ _ _ _ _ _ _ _ _

self = <django.db.backends.mysql.creation.DatabaseCreation object at 0x000001EB95C68590>
verbosity = 1, autoclobber = True, serialize = None, keepdb = True

    def create_test_db(
        self, verbosity=1, autoclobber=False, serialize=None, keepdb=False
    ):
        """
        Create a test database, prompting the user for confirmation if the
        database already exists. Return the name of the test database created.
        """
        # Don't import django.core.management if it isn't needed.
        from django.core.management import call_command
    
        test_database_name = self._get_test_db_name()
    
        if verbosity >= 1:
            action = "Creating"
            if keepdb:
                action = "Using existing"
    
            self.log(
                "%s test database for alias %s..."
                % (
                    action,
                    self._get_database_display_str(verbosity, test_database_name),
                )
            )
    
        # We could skip this call if keepdb is True, but we instead
        # give it the keepdb param. This is to handle the case
        # where the test DB doesn't exist, in which case we need to
        # create it, then just not destroy it. If we instead skip
        # this, we will get an exception.
        self._create_test_db(verbosity, autoclobber, keepdb)
    
        self.connection.close()
        settings.DATABASES[self.connection.alias]["NAME"] = test_database_name
        self.connection.settings_dict["NAME"] = test_database_name
    
        try:
            if self.connection.settings_dict["TEST"]["MIGRATE"] is False:
                # Disable migrations for all apps.
                old_migration_modules = settings.MIGRATION_MODULES
                settings.MIGRATION_MODULES = {
                    app.label: None for app in apps.get_app_configs()
                }
            # We report migrate messages at one level lower than that
            # requested. This ensures we don't get flooded with messages during
            # testing (unless you really ask to be flooded).
>           call_command(
                "migrate",
                verbosity=max(verbosity - 1, 0),
                interactive=False,
                database=self.connection.alias,
                run_syncdb=True,
            )

..\venv\Lib\site-packages\django\db\backends\base\creation.py:85: 
_ _ _ _ _ _ _ _ _ _ _ _ _ _ _ _ _ _ _ _ _ _ _ _ _ _ _ _ _ _ _ _ _ _ _ _ _ _ _ _

command_name = 'migrate', args = ()
options = {'database': 'default', 'interactive': False, 'run_syncdb': True, 'verbosity': 0}
command = <django.core.management.commands.migrate.Command object at 0x000001EB963E1A90>
app_name = 'django.core'
parser = CommandParser(prog=' migrate', usage=None, description='Updates database schema. Manages both apps with migrations and....', formatter_class=<class 'django.core.management.base.DjangoHelpFormatter'>, conflict_handler='error', add_help=True)
opt_mapping = {'check': 'check_unapplied', 'database': 'database', 'fake': 'fake', 'fake_initial': 'fake_initial', ...}
arg_options = {'database': 'default', 'interactive': False, 'run_syncdb': True, 'verbosity': 0}
parse_args = []

    def call_command(command_name, *args, **options):
        """
        Call the given command, with the given options and args/kwargs.
    
        This is the primary API you should use for calling specific commands.
    
        `command_name` may be a string or a command object. Using a string is
        preferred unless the command object is required for further processing or
        testing.
    
        Some examples:
            call_command('migrate')
            call_command('shell', plain=True)
            call_command('sqlmigrate', 'myapp')
    
            from django.core.management.commands import flush
            cmd = flush.Command()
            call_command(cmd, verbosity=0, interactive=False)
            # Do something with cmd ...
        """
        if isinstance(command_name, BaseCommand):
            # Command object passed in.
            command = command_name
            command_name = command.__class__.__module__.split(".")[-1]
        else:
            # Load the command object by name.
            try:
                app_name = get_commands()[command_name]
            except KeyError:
                raise CommandError("Unknown command: %r" % command_name)
    
            if isinstance(app_name, BaseCommand):
                # If the command is already loaded, use it directly.
                command = app_name
            else:
                command = load_command_class(app_name, command_name)
    
        # Simulate argument parsing to get the option defaults (see #10080 for
        # details).
        parser = command.create_parser("", command_name)
        # Use the `dest` option name from the parser option
        opt_mapping = {
            min(s_opt.option_strings).lstrip("-").replace("-", "_"): s_opt.dest
            for s_opt in parser._actions
            if s_opt.option_strings
        }
        arg_options = {opt_mapping.get(key, key): value for key, value in options.items()}
        parse_args = []
        for arg in args:
            if isinstance(arg, (list, tuple)):
                parse_args += map(str, arg)
            else:
                parse_args.append(str(arg))
    
        def get_actions(parser):
            # Parser actions and actions from sub-parser choices.
            for opt in parser._actions:
                if isinstance(opt, _SubParsersAction):
                    for sub_opt in opt.choices.values():
                        yield from get_actions(sub_opt)
                else:
                    yield opt
    
        parser_actions = list(get_actions(parser))
        mutually_exclusive_required_options = {
            opt
            for group in parser._mutually_exclusive_groups
            for opt in group._group_actions
            if group.required
        }
        # Any required arguments which are passed in via **options must be passed
        # to parse_args().
        for opt in parser_actions:
            if opt.dest in options and (
                opt.required or opt in mutually_exclusive_required_options
            ):
                opt_dest_count = sum(v == opt.dest for v in opt_mapping.values())
                if opt_dest_count > 1:
                    raise TypeError(
                        f"Cannot pass the dest {opt.dest!r} that matches multiple "
                        f"arguments via **options."
                    )
                parse_args.append(min(opt.option_strings))
                if isinstance(opt, (_AppendConstAction, _CountAction, _StoreConstAction)):
                    continue
                value = arg_options[opt.dest]
                if isinstance(value, (list, tuple)):
                    parse_args += map(str, value)
                else:
                    parse_args.append(str(value))
        defaults = parser.parse_args(args=parse_args)
        defaults = dict(defaults._get_kwargs(), **arg_options)
        # Raise an error if any unknown options were passed.
        stealth_options = set(command.base_stealth_options + command.stealth_options)
        dest_parameters = {action.dest for action in parser_actions}
        valid_options = (dest_parameters | stealth_options).union(opt_mapping)
        unknown_options = set(options) - valid_options
        if unknown_options:
            raise TypeError(
                "Unknown option(s) for %s command: %s. "
                "Valid options are: %s."
                % (
                    command_name,
                    ", ".join(sorted(unknown_options)),
                    ", ".join(sorted(valid_options)),
                )
            )
        # Move positional args out of options to mimic legacy optparse
        args = defaults.pop("args", ())
        if "skip_checks" not in options:
            defaults["skip_checks"] = True
    
>       return command.execute(*args, **defaults)
               ^^^^^^^^^^^^^^^^^^^^^^^^^^^^^^^^^^

..\venv\Lib\site-packages\django\core\management\__init__.py:195: 
_ _ _ _ _ _ _ _ _ _ _ _ _ _ _ _ _ _ _ _ _ _ _ _ _ _ _ _ _ _ _ _ _ _ _ _ _ _ _ _

self = <django.core.management.commands.migrate.Command object at 0x000001EB963E1A90>
args = ()
options = {'app_label': None, 'check_unapplied': False, 'database': 'default', 'fake': False, ...}

    def execute(self, *args, **options):
        """
        Try to execute this command, performing system checks if needed (as
        controlled by the ``requires_system_checks`` attribute, except if
        force-skipped).
        """
        if options["force_color"] and options["no_color"]:
            raise CommandError(
                "The --no-color and --force-color options can't be used together."
            )
        if options["force_color"]:
            self.style = color_style(force_color=True)
        elif options["no_color"]:
            self.style = no_style()
            self.stderr.style_func = None
        if options.get("stdout"):
            self.stdout = OutputWrapper(options["stdout"])
        if options.get("stderr"):
            self.stderr = OutputWrapper(options["stderr"])
    
        if self.requires_system_checks and not options["skip_checks"]:
            check_kwargs = self.get_check_kwargs(options)
            self.check(**check_kwargs)
        if self.requires_migrations_checks:
            self.check_migrations()
>       output = self.handle(*args, **options)
                 ^^^^^^^^^^^^^^^^^^^^^^^^^^^^^

..\venv\Lib\site-packages\django\core\management\base.py:464: 
_ _ _ _ _ _ _ _ _ _ _ _ _ _ _ _ _ _ _ _ _ _ _ _ _ _ _ _ _ _ _ _ _ _ _ _ _ _ _ _

args = (<django.core.management.commands.migrate.Command object at 0x000001EB963E1A90>,)
kwargs = {'app_label': None, 'check_unapplied': False, 'database': 'default', 'fake': False, ...}
translation = <module 'django.utils.translation' from 'C:\\Users\\gu268\\Projetos\\Django-projetos\\venv\\Lib\\site-packages\\django\\utils\\translation\\__init__.py'>
saved_locale = 'pt-br'

    def wrapper(*args, **kwargs):
        from django.utils import translation
    
        saved_locale = translation.get_language()
        translation.deactivate_all()
        try:
>           res = handle_func(*args, **kwargs)
                  ^^^^^^^^^^^^^^^^^^^^^^^^^^^^

..\venv\Lib\site-packages\django\core\management\base.py:111: 
_ _ _ _ _ _ _ _ _ _ _ _ _ _ _ _ _ _ _ _ _ _ _ _ _ _ _ _ _ _ _ _ _ _ _ _ _ _ _ _

self = <django.core.management.commands.migrate.Command object at 0x000001EB963E1A90>
args = ()
options = {'app_label': None, 'check_unapplied': False, 'database': 'default', 'fake': False, ...}
database = 'default', app_config = <AccountsConfig: impersonate>
connection = <DatabaseWrapper vendor='mysql' alias='default'>
executor = <django.db.migrations.executor.MigrationExecutor object at 0x000001EB963E23C0>
conflicts = {}
run_syncdb = {'channels', 'cloudinary', 'cloudinary_storage', 'corsheaders', 'daphne', 'dashboards', ...}
target_app_labels_only = True

    @no_translations
    def handle(self, *args, **options):
        database = options["database"]
        self.verbosity = options["verbosity"]
        self.interactive = options["interactive"]
    
        # Import the 'management' module within each installed app, to register
        # dispatcher events.
        for app_config in apps.get_app_configs():
            if module_has_submodule(app_config.module, "management"):
                import_module(".management", app_config.name)
    
        # Get the database we're operating from
        connection = connections[database]
    
        # Hook for backends needing any database preparation
        connection.prepare_database()
        # Work out which apps have migrations and which do not
        executor = MigrationExecutor(connection, self.migration_progress_callback)
    
        # Raise an error if any migrations are applied before their
        # dependencies.
        executor.loader.check_consistent_history(connection)
    
        # Before anything else, see if there's conflicting apps and drop out
        # hard if there are any
        conflicts = executor.loader.detect_conflicts()
        if conflicts:
            name_str = "; ".join(
                "%s in %s" % (", ".join(names), app) for app, names in conflicts.items()
            )
            raise CommandError(
                "Conflicting migrations detected; multiple leaf nodes in the "
                "migration graph: (%s).\nTo fix them run "
                "'python manage.py makemigrations --merge'" % name_str
            )
    
        # If they supplied command line arguments, work out what they mean.
        run_syncdb = options["run_syncdb"]
        target_app_labels_only = True
        if options["app_label"]:
            # Validate app_label.
            app_label = options["app_label"]
            try:
                apps.get_app_config(app_label)
            except LookupError as err:
                raise CommandError(str(err))
            if run_syncdb:
                if app_label in executor.loader.migrated_apps:
                    raise CommandError(
                        "Can't use run_syncdb with app '%s' as it has migrations."
                        % app_label
                    )
            elif app_label not in executor.loader.migrated_apps:
                raise CommandError("App '%s' does not have migrations." % app_label)
    
        if options["app_label"] and options["migration_name"]:
            migration_name = options["migration_name"]
            if migration_name == "zero":
                targets = [(app_label, None)]
            else:
                try:
                    migration = executor.loader.get_migration_by_prefix(
                        app_label, migration_name
                    )
                except AmbiguityError:
                    raise CommandError(
                        "More than one migration matches '%s' in app '%s'. "
                        "Please be more specific." % (migration_name, app_label)
                    )
                except KeyError:
                    raise CommandError(
                        "Cannot find a migration matching '%s' from app '%s'."
                        % (migration_name, app_label)
                    )
                target = (app_label, migration.name)
                # Partially applied squashed migrations are not included in the
                # graph, use the last replacement instead.
                if (
                    target not in executor.loader.graph.nodes
                    and target in executor.loader.replacements
                ):
                    incomplete_migration = executor.loader.replacements[target]
                    target = incomplete_migration.replaces[-1]
                targets = [target]
            target_app_labels_only = False
        elif options["app_label"]:
            targets = [
                key for key in executor.loader.graph.leaf_nodes() if key[0] == app_label
            ]
        else:
            targets = executor.loader.graph.leaf_nodes()
    
        if options["prune"]:
            if not options["app_label"]:
                raise CommandError(
                    "Migrations can be pruned only when an app is specified."
                )
            if self.verbosity > 0:
                self.stdout.write("Pruning migrations:", self.style.MIGRATE_HEADING)
            to_prune = sorted(
                migration
                for migration in set(executor.loader.applied_migrations)
                - set(executor.loader.disk_migrations)
                if migration[0] == app_label
            )
            squashed_migrations_with_deleted_replaced_migrations = [
                migration_key
                for migration_key, migration_obj in executor.loader.replacements.items()
                if any(replaced in to_prune for replaced in migration_obj.replaces)
            ]
            if squashed_migrations_with_deleted_replaced_migrations:
                self.stdout.write(
                    self.style.NOTICE(
                        "  Cannot use --prune because the following squashed "
                        "migrations have their 'replaces' attributes and may not "
                        "be recorded as applied:"
                    )
                )
                for migration in squashed_migrations_with_deleted_replaced_migrations:
                    app, name = migration
                    self.stdout.write(f"    {app}.{name}")
                self.stdout.write(
                    self.style.NOTICE(
                        "  Re-run 'manage.py migrate' if they are not marked as "
                        "applied, and remove 'replaces' attributes in their "
                        "Migration classes."
                    )
                )
            else:
                if to_prune:
                    for migration in to_prune:
                        app, name = migration
                        if self.verbosity > 0:
                            self.stdout.write(
                                self.style.MIGRATE_LABEL(f"  Pruning {app}.{name}"),
                                ending="",
                            )
                        executor.recorder.record_unapplied(app, name)
                        if self.verbosity > 0:
                            self.stdout.write(self.style.SUCCESS(" OK"))
                elif self.verbosity > 0:
                    self.stdout.write("  No migrations to prune.")
    
        plan = executor.migration_plan(targets)
    
        if options["plan"]:
            self.stdout.write("Planned operations:", self.style.MIGRATE_LABEL)
            if not plan:
                self.stdout.write("  No planned migration operations.")
            else:
                for migration, backwards in plan:
                    self.stdout.write(str(migration), self.style.MIGRATE_HEADING)
                    for operation in migration.operations:
                        message, is_error = self.describe_operation(
                            operation, backwards
                        )
                        style = self.style.WARNING if is_error else None
                        self.stdout.write("    " + message, style)
                if options["check_unapplied"]:
                    sys.exit(1)
            return
        if options["check_unapplied"]:
            if plan:
                sys.exit(1)
            return
        if options["prune"]:
            return
    
        # At this point, ignore run_syncdb if there aren't any apps to sync.
        run_syncdb = options["run_syncdb"] and executor.loader.unmigrated_apps
        # Print some useful info
        if self.verbosity >= 1:
            self.stdout.write(self.style.MIGRATE_HEADING("Operations to perform:"))
            if run_syncdb:
                if options["app_label"]:
                    self.stdout.write(
                        self.style.MIGRATE_LABEL(
                            "  Synchronize unmigrated app: %s" % app_label
                        )
                    )
                else:
                    self.stdout.write(
                        self.style.MIGRATE_LABEL("  Synchronize unmigrated apps: ")
                        + (", ".join(sorted(executor.loader.unmigrated_apps)))
                    )
            if target_app_labels_only:
                self.stdout.write(
                    self.style.MIGRATE_LABEL("  Apply all migrations: ")
                    + (", ".join(sorted({a for a, n in targets})) or "(none)")
                )
            else:
                if targets[0][1] is None:
                    self.stdout.write(
                        self.style.MIGRATE_LABEL("  Unapply all migrations: ")
                        + str(targets[0][0])
                    )
                else:
                    self.stdout.write(
                        self.style.MIGRATE_LABEL("  Target specific migration: ")
                        + "%s, from %s" % (targets[0][1], targets[0][0])
                    )
    
        pre_migrate_state = executor._create_project_state(with_applied_migrations=True)
        pre_migrate_apps = pre_migrate_state.apps
        emit_pre_migrate_signal(
            self.verbosity,
            self.interactive,
            connection.alias,
            stdout=self.stdout,
            apps=pre_migrate_apps,
            plan=plan,
        )
    
        # Run the syncdb phase.
        if run_syncdb:
            if self.verbosity >= 1:
                self.stdout.write(
                    self.style.MIGRATE_HEADING("Synchronizing apps without migrations:")
                )
            if options["app_label"]:
                self.sync_apps(connection, [app_label])
            else:
                self.sync_apps(connection, executor.loader.unmigrated_apps)
    
        # Migrate!
        if self.verbosity >= 1:
            self.stdout.write(self.style.MIGRATE_HEADING("Running migrations:"))
        if not plan:
            if self.verbosity >= 1:
                self.stdout.write("  No migrations to apply.")
                # If there's changes that aren't in migrations yet, tell them
                # how to fix it.
                autodetector = self.autodetector(
                    executor.loader.project_state(),
                    ProjectState.from_apps(apps),
                )
                changes = autodetector.changes(graph=executor.loader.graph)
                if changes:
                    self.stdout.write(
                        self.style.NOTICE(
                            "  Your models in app(s): %s have changes that are not "
                            "yet reflected in a migration, and so won't be "
                            "applied." % ", ".join(repr(app) for app in sorted(changes))
                        )
                    )
                    self.stdout.write(
                        self.style.NOTICE(
                            "  Run 'manage.py makemigrations' to make new "
                            "migrations, and then re-run 'manage.py migrate' to "
                            "apply them."
                        )
                    )
            fake = False
            fake_initial = False
        else:
            fake = options["fake"]
            fake_initial = options["fake_initial"]
>       post_migrate_state = executor.migrate(
            targets,
            plan=plan,
            state=pre_migrate_state.clone(),
            fake=fake,
            fake_initial=fake_initial,
        )

..\venv\Lib\site-packages\django\core\management\commands\migrate.py:354: 
_ _ _ _ _ _ _ _ _ _ _ _ _ _ _ _ _ _ _ _ _ _ _ _ _ _ _ _ _ _ _ _ _ _ _ _ _ _ _ _

self = <django.db.migrations.executor.MigrationExecutor object at 0x000001EB963E23C0>
targets = [('academico', '0012_turma_instituicao'), ('admin', '0003_logentry_add_action_flag_choices'), ('auth', '0012_alter_use...', '0008_accessfailurelog'), ('biblioteca', '0005_emprestimo_estado_conservacao'), ('calendario', '0001_initial'), ...]
plan = [(<Migration usuarios.0007_force_date_to_text>, False), (<Migration usuarios.0008_force_historical_date_to_text>, Fals...aluno_matricula_and_more>, False), (<Migration usuarios.0010_alter_aluno_numero_alter_aluno_telefone_and_more>, False)]
state = <django.db.migrations.state.ProjectState object at 0x000001EB965F6350>
fake = False, fake_initial = False

    def migrate(self, targets, plan=None, state=None, fake=False, fake_initial=False):
        """
        Migrate the database up to the given targets.
    
        Django first needs to create all project states before a migration is
        (un)applied and in a second step run all the database operations.
        """
        # The django_migrations table must be present to record applied
        # migrations, but don't create it if there are no migrations to apply.
        if plan == []:
            if not self.recorder.has_table():
                return self._create_project_state(with_applied_migrations=False)
        else:
            self.recorder.ensure_schema()
    
        if plan is None:
            plan = self.migration_plan(targets)
        # Create the forwards plan Django would follow on an empty database
        full_plan = self.migration_plan(
            self.loader.graph.leaf_nodes(), clean_start=True
        )
    
        all_forwards = all(not backwards for mig, backwards in plan)
        all_backwards = all(backwards for mig, backwards in plan)
    
        if not plan:
            if state is None:
                # The resulting state should include applied migrations.
                state = self._create_project_state(with_applied_migrations=True)
        elif all_forwards == all_backwards:
            # This should only happen if there's a mixed plan
            raise InvalidMigrationPlan(
                "Migration plans with both forwards and backwards migrations "
                "are not supported. Please split your migration process into "
                "separate plans of only forwards OR backwards migrations.",
                plan,
            )
        elif all_forwards:
            if state is None:
                # The resulting state should still include applied migrations.
                state = self._create_project_state(with_applied_migrations=True)
>           state = self._migrate_all_forwards(
                state, plan, full_plan, fake=fake, fake_initial=fake_initial
            )

..\venv\Lib\site-packages\django\db\migrations\executor.py:137: 
_ _ _ _ _ _ _ _ _ _ _ _ _ _ _ _ _ _ _ _ _ _ _ _ _ _ _ _ _ _ _ _ _ _ _ _ _ _ _ _

self = <django.db.migrations.executor.MigrationExecutor object at 0x000001EB963E23C0>
state = <django.db.migrations.state.ProjectState object at 0x000001EB965F6350>
plan = [(<Migration usuarios.0007_force_date_to_text>, False), (<Migration usuarios.0008_force_historical_date_to_text>, Fals...aluno_matricula_and_more>, False), (<Migration usuarios.0010_alter_aluno_numero_alter_aluno_telefone_and_more>, False)]
full_plan = [(<Migration comum.0001_initial>, False), (<Migration contenttypes.0001_initial>, False), (<Migration auth.0001_initia...False), (<Migration usuarios.0001_initial>, False), (<Migration usuarios.0002_add_status_matricula_aluno>, False), ...]
fake = False, fake_initial = False

    def _migrate_all_forwards(self, state, plan, full_plan, fake, fake_initial):
        """
        Take a list of 2-tuples of the form (migration instance, False) and
        apply them in the order they occur in the full_plan.
        """
        migrations_to_run = {m[0] for m in plan}
        for migration, _ in full_plan:
            if not migrations_to_run:
                # We remove every migration that we applied from these sets so
                # that we can bail out once the last migration has been applied
                # and don't always run until the very end of the migration
                # process.
                break
            if migration in migrations_to_run:
                if "apps" not in state.__dict__:
                    if self.progress_callback:
                        self.progress_callback("render_start")
                    state.apps  # Render all -- performance critical
                    if self.progress_callback:
                        self.progress_callback("render_success")
>               state = self.apply_migration(
                    state, migration, fake=fake, fake_initial=fake_initial
                )

..\venv\Lib\site-packages\django\db\migrations\executor.py:169: 
_ _ _ _ _ _ _ _ _ _ _ _ _ _ _ _ _ _ _ _ _ _ _ _ _ _ _ _ _ _ _ _ _ _ _ _ _ _ _ _

self = <django.db.migrations.executor.MigrationExecutor object at 0x000001EB963E23C0>
state = <django.db.migrations.state.ProjectState object at 0x000001EB965F6350>
migration = <Migration usuarios.0007_force_date_to_text>, fake = False
fake_initial = False

    def apply_migration(self, state, migration, fake=False, fake_initial=False):
        """Run a migration forwards."""
        migration_recorded = False
        if self.progress_callback:
            self.progress_callback("apply_start", migration, fake)
        if not fake:
            if fake_initial:
                # Test to see if this is an already-applied initial migration
                applied, state = self.detect_soft_applied(state, migration)
                if applied:
                    fake = True
            if not fake:
                # Alright, do it normally
                with self.connection.schema_editor(
                    atomic=migration.atomic
                ) as schema_editor:
>                   state = migration.apply(state, schema_editor)
                            ^^^^^^^^^^^^^^^^^^^^^^^^^^^^^^^^^^^^^

..\venv\Lib\site-packages\django\db\migrations\executor.py:257: 
_ _ _ _ _ _ _ _ _ _ _ _ _ _ _ _ _ _ _ _ _ _ _ _ _ _ _ _ _ _ _ _ _ _ _ _ _ _ _ _

self = <Migration usuarios.0007_force_date_to_text>
project_state = <django.db.migrations.state.ProjectState object at 0x000001EB965F6350>
schema_editor = <django.db.backends.mysql.schema.DatabaseSchemaEditor object at 0x000001EB967DE490>
collect_sql = False

    def apply(self, project_state, schema_editor, collect_sql=False):
        """
        Take a project_state representing all migrations prior to this one
        and a schema_editor for a live database and apply the migration
        in a forwards order.
    
        Return the resulting project state for efficient reuse by following
        Migrations.
        """
        for operation in self.operations:
            # If this operation cannot be represented as SQL, place a comment
            # there instead
            if collect_sql:
                schema_editor.collected_sql.append("--")
                schema_editor.collected_sql.append("-- %s" % operation.describe())
                schema_editor.collected_sql.append("--")
                if not operation.reduces_to_sql:
                    schema_editor.collected_sql.append(
                        "-- THIS OPERATION CANNOT BE WRITTEN AS SQL"
                    )
                    continue
                collected_sql_before = len(schema_editor.collected_sql)
            # Save the state before the operation has run
            old_state = project_state.clone()
            operation.state_forwards(self.app_label, project_state)
            # Run the operation
            atomic_operation = operation.atomic or (
                self.atomic and operation.atomic is not False
            )
            if not schema_editor.atomic_migration and atomic_operation:
                # Force a transaction on a non-transactional-DDL backend or an
                # atomic operation inside a non-atomic migration.
                with atomic(schema_editor.connection.alias):
>                   operation.database_forwards(
                        self.app_label, schema_editor, old_state, project_state
                    )

..\venv\Lib\site-packages\django\db\migrations\migration.py:127: 
_ _ _ _ _ _ _ _ _ _ _ _ _ _ _ _ _ _ _ _ _ _ _ _ _ _ _ _ _ _ _ _ _ _ _ _ _ _ _ _

self = <RunPython <function run_mysql_modify.<locals>.inner at 0x000001EB9644F530> reverse_code=<function run_mysql_modify.<locals>.inner_reverse at 0x000001EB9644F5E0>>
app_label = 'usuarios'
schema_editor = <django.db.backends.mysql.schema.DatabaseSchemaEditor object at 0x000001EB967DE490>
from_state = <django.db.migrations.state.ProjectState object at 0x000001EB967DE5D0>
to_state = <django.db.migrations.state.ProjectState object at 0x000001EB965F6350>

    def database_forwards(self, app_label, schema_editor, from_state, to_state):
        # RunPython has access to all models. Ensure that all models are
        # reloaded in case any are delayed.
        from_state.clear_delayed_apps_cache()
        if router.allow_migrate(
            schema_editor.connection.alias, app_label, **self.hints
        ):
            # We now execute the Python code in a context that contains a
            # 'models' object, representing the versioned models as an app
            # registry. We could try to override the global cache, but then
            # people will still use direct imports, so we go with a
            # documentation approach instead.
>           self.code(from_state.apps, schema_editor)

..\venv\Lib\site-packages\django\db\migrations\operations\special.py:199: 
_ _ _ _ _ _ _ _ _ _ _ _ _ _ _ _ _ _ _ _ _ _ _ _ _ _ _ _ _ _ _ _ _ _ _ _ _ _ _ _

apps = <django.db.migrations.state.StateApps object at 0x000001EB967DE710>
schema_editor = <django.db.backends.mysql.schema.DatabaseSchemaEditor object at 0x000001EB967DE490>

    def inner(apps, schema_editor):
        if schema_editor.connection.vendor == "mysql":
>           schema_editor.execute(sql)

apps\usuarios\migrations\0007_force_date_to_text.py:7: 
_ _ _ _ _ _ _ _ _ _ _ _ _ _ _ _ _ _ _ _ _ _ _ _ _ _ _ _ _ _ _ _ _ _ _ _ _ _ _ _

self = <django.db.backends.mysql.schema.DatabaseSchemaEditor object at 0x000001EB967DE490>
sql = 'ALTER TABLE core_professor MODIFY data_nascimento LONGTEXT;', params = ()

    def execute(self, sql, params=()):
        """Execute the given SQL statement, with optional parameters."""
        # Don't perform the transactional DDL check if SQL is being collected
        # as it's not going to be executed anyway.
        if (
            not self.collect_sql
            and self.connection.in_atomic_block
            and not self.connection.features.can_rollback_ddl
        ):
>           raise TransactionManagementError(
                "Executing DDL statements while in a transaction on databases "
                "that can't perform a rollback is prohibited."
            )
E           django.db.transaction.TransactionManagementError: Executing DDL statements while in a transaction on databases that can't perform a rollback is prohibited.

..\venv\Lib\site-packages\django\db\backends\base\schema.py:185: TransactionManagementError
---------------------------- Captured stderr setup ----------------------------
Using existing test database for alias 'default'...

___________ ERROR at setup of test_infraestrutura_ti_access_mocked ____________

request = <SubRequest 'django_db_setup' for <Function test_painel_ti_access_mocked>>
django_test_environment = None
django_db_blocker = <pytest_django.plugin.DjangoDbBlocker object at 0x000001EB92231A90>
django_db_use_migrations = True, django_db_keepdb = True
django_db_createdb = False, django_db_modify_db_settings = None

    @pytest.fixture(scope="session")
    def django_db_setup(
        request: pytest.FixtureRequest,
        django_test_environment: None,  # noqa: ARG001
        django_db_blocker: DjangoDbBlocker,
        django_db_use_migrations: bool,
        django_db_keepdb: bool,
        django_db_createdb: bool,
        django_db_modify_db_settings: None,  # noqa: ARG001
    ) -> Generator[None, None, None]:
        """Top level fixture to ensure test databases are available"""
        from django.test.utils import setup_databases, teardown_databases
    
        setup_databases_args = {}
    
        if not django_db_use_migrations:
            _disable_migrations()
    
        if django_db_keepdb and not django_db_createdb:
            setup_databases_args["keepdb"] = True
    
        aliases, serialized_aliases = _get_databases_for_setup(request.session.items)
    
        with django_db_blocker.unblock():
>           db_cfg = setup_databases(
                verbosity=request.config.option.verbose,
                interactive=False,
                aliases=aliases,
                serialized_aliases=serialized_aliases,
                **setup_databases_args,
            )

..\venv\Lib\site-packages\pytest_django\fixtures.py:186: 
_ _ _ _ _ _ _ _ _ _ _ _ _ _ _ _ _ _ _ _ _ _ _ _ _ _ _ _ _ _ _ _ _ _ _ _ _ _ _ _

verbosity = 1, interactive = False
time_keeper = <django.test.utils.NullTimeKeeper object at 0x000001EB962B8830>
keepdb = True, debug_sql = False, parallel = 0, aliases = ['default']
serialized_aliases = set(), kwargs = {}
test_databases = {('sige-banco123-jguilhermesnetos.c.aivencloud.com', 23331, 'django.db.backends.mysql', 'test_defaultdb'): ('defaultdb', ['default'])}

    def setup_databases(
        verbosity,
        interactive,
        *,
        time_keeper=None,
        keepdb=False,
        debug_sql=False,
        parallel=0,
        aliases=None,
        serialized_aliases=None,
        **kwargs,
    ):
        """Create the test databases."""
        if time_keeper is None:
            time_keeper = NullTimeKeeper()
    
        test_databases, mirrored_aliases = get_unique_databases_and_mirrors(aliases)
    
        old_names = []
        serialize_connections = []
    
        for db_name, aliases in test_databases.values():
            first_alias = None
            for alias in aliases:
                connection = connections[alias]
                old_names.append((connection, db_name, first_alias is None))
    
                # Actually create the database for the first connection
                if first_alias is None:
                    first_alias = alias
                    with time_keeper.timed("  Creating '%s'" % alias):
>                       connection.creation.create_test_db(
                            verbosity=verbosity,
                            autoclobber=not interactive,
                            keepdb=keepdb,
                        )

..\venv\Lib\site-packages\django\test\utils.py:207: 
_ _ _ _ _ _ _ _ _ _ _ _ _ _ _ _ _ _ _ _ _ _ _ _ _ _ _ _ _ _ _ _ _ _ _ _ _ _ _ _

self = <django.db.backends.mysql.creation.DatabaseCreation object at 0x000001EB95C68590>
verbosity = 1, autoclobber = True, serialize = None, keepdb = True

    def create_test_db(
        self, verbosity=1, autoclobber=False, serialize=None, keepdb=False
    ):
        """
        Create a test database, prompting the user for confirmation if the
        database already exists. Return the name of the test database created.
        """
        # Don't import django.core.management if it isn't needed.
        from django.core.management import call_command
    
        test_database_name = self._get_test_db_name()
    
        if verbosity >= 1:
            action = "Creating"
            if keepdb:
                action = "Using existing"
    
            self.log(
                "%s test database for alias %s..."
                % (
                    action,
                    self._get_database_display_str(verbosity, test_database_name),
                )
            )
    
        # We could skip this call if keepdb is True, but we instead
        # give it the keepdb param. This is to handle the case
        # where the test DB doesn't exist, in which case we need to
        # create it, then just not destroy it. If we instead skip
        # this, we will get an exception.
        self._create_test_db(verbosity, autoclobber, keepdb)
    
        self.connection.close()
        settings.DATABASES[self.connection.alias]["NAME"] = test_database_name
        self.connection.settings_dict["NAME"] = test_database_name
    
        try:
            if self.connection.settings_dict["TEST"]["MIGRATE"] is False:
                # Disable migrations for all apps.
                old_migration_modules = settings.MIGRATION_MODULES
                settings.MIGRATION_MODULES = {
                    app.label: None for app in apps.get_app_configs()
                }
            # We report migrate messages at one level lower than that
            # requested. This ensures we don't get flooded with messages during
            # testing (unless you really ask to be flooded).
>           call_command(
                "migrate",
                verbosity=max(verbosity - 1, 0),
                interactive=False,
                database=self.connection.alias,
                run_syncdb=True,
            )

..\venv\Lib\site-packages\django\db\backends\base\creation.py:85: 
_ _ _ _ _ _ _ _ _ _ _ _ _ _ _ _ _ _ _ _ _ _ _ _ _ _ _ _ _ _ _ _ _ _ _ _ _ _ _ _

command_name = 'migrate', args = ()
options = {'database': 'default', 'interactive': False, 'run_syncdb': True, 'verbosity': 0}
command = <django.core.management.commands.migrate.Command object at 0x000001EB963E1A90>
app_name = 'django.core'
parser = CommandParser(prog=' migrate', usage=None, description='Updates database schema. Manages both apps with migrations and....', formatter_class=<class 'django.core.management.base.DjangoHelpFormatter'>, conflict_handler='error', add_help=True)
opt_mapping = {'check': 'check_unapplied', 'database': 'database', 'fake': 'fake', 'fake_initial': 'fake_initial', ...}
arg_options = {'database': 'default', 'interactive': False, 'run_syncdb': True, 'verbosity': 0}
parse_args = []

    def call_command(command_name, *args, **options):
        """
        Call the given command, with the given options and args/kwargs.
    
        This is the primary API you should use for calling specific commands.
    
        `command_name` may be a string or a command object. Using a string is
        preferred unless the command object is required for further processing or
        testing.
    
        Some examples:
            call_command('migrate')
            call_command('shell', plain=True)
            call_command('sqlmigrate', 'myapp')
    
            from django.core.management.commands import flush
            cmd = flush.Command()
            call_command(cmd, verbosity=0, interactive=False)
            # Do something with cmd ...
        """
        if isinstance(command_name, BaseCommand):
            # Command object passed in.
            command = command_name
            command_name = command.__class__.__module__.split(".")[-1]
        else:
            # Load the command object by name.
            try:
                app_name = get_commands()[command_name]
            except KeyError:
                raise CommandError("Unknown command: %r" % command_name)
    
            if isinstance(app_name, BaseCommand):
                # If the command is already loaded, use it directly.
                command = app_name
            else:
                command = load_command_class(app_name, command_name)
    
        # Simulate argument parsing to get the option defaults (see #10080 for
        # details).
        parser = command.create_parser("", command_name)
        # Use the `dest` option name from the parser option
        opt_mapping = {
            min(s_opt.option_strings).lstrip("-").replace("-", "_"): s_opt.dest
            for s_opt in parser._actions
            if s_opt.option_strings
        }
        arg_options = {opt_mapping.get(key, key): value for key, value in options.items()}
        parse_args = []
        for arg in args:
            if isinstance(arg, (list, tuple)):
                parse_args += map(str, arg)
            else:
                parse_args.append(str(arg))
    
        def get_actions(parser):
            # Parser actions and actions from sub-parser choices.
            for opt in parser._actions:
                if isinstance(opt, _SubParsersAction):
                    for sub_opt in opt.choices.values():
                        yield from get_actions(sub_opt)
                else:
                    yield opt
    
        parser_actions = list(get_actions(parser))
        mutually_exclusive_required_options = {
            opt
            for group in parser._mutually_exclusive_groups
            for opt in group._group_actions
            if group.required
        }
        # Any required arguments which are passed in via **options must be passed
        # to parse_args().
        for opt in parser_actions:
            if opt.dest in options and (
                opt.required or opt in mutually_exclusive_required_options
            ):
                opt_dest_count = sum(v == opt.dest for v in opt_mapping.values())
                if opt_dest_count > 1:
                    raise TypeError(
                        f"Cannot pass the dest {opt.dest!r} that matches multiple "
                        f"arguments via **options."
                    )
                parse_args.append(min(opt.option_strings))
                if isinstance(opt, (_AppendConstAction, _CountAction, _StoreConstAction)):
                    continue
                value = arg_options[opt.dest]
                if isinstance(value, (list, tuple)):
                    parse_args += map(str, value)
                else:
                    parse_args.append(str(value))
        defaults = parser.parse_args(args=parse_args)
        defaults = dict(defaults._get_kwargs(), **arg_options)
        # Raise an error if any unknown options were passed.
        stealth_options = set(command.base_stealth_options + command.stealth_options)
        dest_parameters = {action.dest for action in parser_actions}
        valid_options = (dest_parameters | stealth_options).union(opt_mapping)
        unknown_options = set(options) - valid_options
        if unknown_options:
            raise TypeError(
                "Unknown option(s) for %s command: %s. "
                "Valid options are: %s."
                % (
                    command_name,
                    ", ".join(sorted(unknown_options)),
                    ", ".join(sorted(valid_options)),
                )
            )
        # Move positional args out of options to mimic legacy optparse
        args = defaults.pop("args", ())
        if "skip_checks" not in options:
            defaults["skip_checks"] = True
    
>       return command.execute(*args, **defaults)
               ^^^^^^^^^^^^^^^^^^^^^^^^^^^^^^^^^^

..\venv\Lib\site-packages\django\core\management\__init__.py:195: 
_ _ _ _ _ _ _ _ _ _ _ _ _ _ _ _ _ _ _ _ _ _ _ _ _ _ _ _ _ _ _ _ _ _ _ _ _ _ _ _

self = <django.core.management.commands.migrate.Command object at 0x000001EB963E1A90>
args = ()
options = {'app_label': None, 'check_unapplied': False, 'database': 'default', 'fake': False, ...}

    def execute(self, *args, **options):
        """
        Try to execute this command, performing system checks if needed (as
        controlled by the ``requires_system_checks`` attribute, except if
        force-skipped).
        """
        if options["force_color"] and options["no_color"]:
            raise CommandError(
                "The --no-color and --force-color options can't be used together."
            )
        if options["force_color"]:
            self.style = color_style(force_color=True)
        elif options["no_color"]:
            self.style = no_style()
            self.stderr.style_func = None
        if options.get("stdout"):
            self.stdout = OutputWrapper(options["stdout"])
        if options.get("stderr"):
            self.stderr = OutputWrapper(options["stderr"])
    
        if self.requires_system_checks and not options["skip_checks"]:
            check_kwargs = self.get_check_kwargs(options)
            self.check(**check_kwargs)
        if self.requires_migrations_checks:
            self.check_migrations()
>       output = self.handle(*args, **options)
                 ^^^^^^^^^^^^^^^^^^^^^^^^^^^^^

..\venv\Lib\site-packages\django\core\management\base.py:464: 
_ _ _ _ _ _ _ _ _ _ _ _ _ _ _ _ _ _ _ _ _ _ _ _ _ _ _ _ _ _ _ _ _ _ _ _ _ _ _ _

args = (<django.core.management.commands.migrate.Command object at 0x000001EB963E1A90>,)
kwargs = {'app_label': None, 'check_unapplied': False, 'database': 'default', 'fake': False, ...}
translation = <module 'django.utils.translation' from 'C:\\Users\\gu268\\Projetos\\Django-projetos\\venv\\Lib\\site-packages\\django\\utils\\translation\\__init__.py'>
saved_locale = 'pt-br'

    def wrapper(*args, **kwargs):
        from django.utils import translation
    
        saved_locale = translation.get_language()
        translation.deactivate_all()
        try:
>           res = handle_func(*args, **kwargs)
                  ^^^^^^^^^^^^^^^^^^^^^^^^^^^^

..\venv\Lib\site-packages\django\core\management\base.py:111: 
_ _ _ _ _ _ _ _ _ _ _ _ _ _ _ _ _ _ _ _ _ _ _ _ _ _ _ _ _ _ _ _ _ _ _ _ _ _ _ _

self = <django.core.management.commands.migrate.Command object at 0x000001EB963E1A90>
args = ()
options = {'app_label': None, 'check_unapplied': False, 'database': 'default', 'fake': False, ...}
database = 'default', app_config = <AccountsConfig: impersonate>
connection = <DatabaseWrapper vendor='mysql' alias='default'>
executor = <django.db.migrations.executor.MigrationExecutor object at 0x000001EB963E23C0>
conflicts = {}
run_syncdb = {'channels', 'cloudinary', 'cloudinary_storage', 'corsheaders', 'daphne', 'dashboards', ...}
target_app_labels_only = True

    @no_translations
    def handle(self, *args, **options):
        database = options["database"]
        self.verbosity = options["verbosity"]
        self.interactive = options["interactive"]
    
        # Import the 'management' module within each installed app, to register
        # dispatcher events.
        for app_config in apps.get_app_configs():
            if module_has_submodule(app_config.module, "management"):
                import_module(".management", app_config.name)
    
        # Get the database we're operating from
        connection = connections[database]
    
        # Hook for backends needing any database preparation
        connection.prepare_database()
        # Work out which apps have migrations and which do not
        executor = MigrationExecutor(connection, self.migration_progress_callback)
    
        # Raise an error if any migrations are applied before their
        # dependencies.
        executor.loader.check_consistent_history(connection)
    
        # Before anything else, see if there's conflicting apps and drop out
        # hard if there are any
        conflicts = executor.loader.detect_conflicts()
        if conflicts:
            name_str = "; ".join(
                "%s in %s" % (", ".join(names), app) for app, names in conflicts.items()
            )
            raise CommandError(
                "Conflicting migrations detected; multiple leaf nodes in the "
                "migration graph: (%s).\nTo fix them run "
                "'python manage.py makemigrations --merge'" % name_str
            )
    
        # If they supplied command line arguments, work out what they mean.
        run_syncdb = options["run_syncdb"]
        target_app_labels_only = True
        if options["app_label"]:
            # Validate app_label.
            app_label = options["app_label"]
            try:
                apps.get_app_config(app_label)
            except LookupError as err:
                raise CommandError(str(err))
            if run_syncdb:
                if app_label in executor.loader.migrated_apps:
                    raise CommandError(
                        "Can't use run_syncdb with app '%s' as it has migrations."
                        % app_label
                    )
            elif app_label not in executor.loader.migrated_apps:
                raise CommandError("App '%s' does not have migrations." % app_label)
    
        if options["app_label"] and options["migration_name"]:
            migration_name = options["migration_name"]
            if migration_name == "zero":
                targets = [(app_label, None)]
            else:
                try:
                    migration = executor.loader.get_migration_by_prefix(
                        app_label, migration_name
                    )
                except AmbiguityError:
                    raise CommandError(
                        "More than one migration matches '%s' in app '%s'. "
                        "Please be more specific." % (migration_name, app_label)
                    )
                except KeyError:
                    raise CommandError(
                        "Cannot find a migration matching '%s' from app '%s'."
                        % (migration_name, app_label)
                    )
                target = (app_label, migration.name)
                # Partially applied squashed migrations are not included in the
                # graph, use the last replacement instead.
                if (
                    target not in executor.loader.graph.nodes
                    and target in executor.loader.replacements
                ):
                    incomplete_migration = executor.loader.replacements[target]
                    target = incomplete_migration.replaces[-1]
                targets = [target]
            target_app_labels_only = False
        elif options["app_label"]:
            targets = [
                key for key in executor.loader.graph.leaf_nodes() if key[0] == app_label
            ]
        else:
            targets = executor.loader.graph.leaf_nodes()
    
        if options["prune"]:
            if not options["app_label"]:
                raise CommandError(
                    "Migrations can be pruned only when an app is specified."
                )
            if self.verbosity > 0:
                self.stdout.write("Pruning migrations:", self.style.MIGRATE_HEADING)
            to_prune = sorted(
                migration
                for migration in set(executor.loader.applied_migrations)
                - set(executor.loader.disk_migrations)
                if migration[0] == app_label
            )
            squashed_migrations_with_deleted_replaced_migrations = [
                migration_key
                for migration_key, migration_obj in executor.loader.replacements.items()
                if any(replaced in to_prune for replaced in migration_obj.replaces)
            ]
            if squashed_migrations_with_deleted_replaced_migrations:
                self.stdout.write(
                    self.style.NOTICE(
                        "  Cannot use --prune because the following squashed "
                        "migrations have their 'replaces' attributes and may not "
                        "be recorded as applied:"
                    )
                )
                for migration in squashed_migrations_with_deleted_replaced_migrations:
                    app, name = migration
                    self.stdout.write(f"    {app}.{name}")
                self.stdout.write(
                    self.style.NOTICE(
                        "  Re-run 'manage.py migrate' if they are not marked as "
                        "applied, and remove 'replaces' attributes in their "
                        "Migration classes."
                    )
                )
            else:
                if to_prune:
                    for migration in to_prune:
                        app, name = migration
                        if self.verbosity > 0:
                            self.stdout.write(
                                self.style.MIGRATE_LABEL(f"  Pruning {app}.{name}"),
                                ending="",
                            )
                        executor.recorder.record_unapplied(app, name)
                        if self.verbosity > 0:
                            self.stdout.write(self.style.SUCCESS(" OK"))
                elif self.verbosity > 0:
                    self.stdout.write("  No migrations to prune.")
    
        plan = executor.migration_plan(targets)
    
        if options["plan"]:
            self.stdout.write("Planned operations:", self.style.MIGRATE_LABEL)
            if not plan:
                self.stdout.write("  No planned migration operations.")
            else:
                for migration, backwards in plan:
                    self.stdout.write(str(migration), self.style.MIGRATE_HEADING)
                    for operation in migration.operations:
                        message, is_error = self.describe_operation(
                            operation, backwards
                        )
                        style = self.style.WARNING if is_error else None
                        self.stdout.write("    " + message, style)
                if options["check_unapplied"]:
                    sys.exit(1)
            return
        if options["check_unapplied"]:
            if plan:
                sys.exit(1)
            return
        if options["prune"]:
            return
    
        # At this point, ignore run_syncdb if there aren't any apps to sync.
        run_syncdb = options["run_syncdb"] and executor.loader.unmigrated_apps
        # Print some useful info
        if self.verbosity >= 1:
            self.stdout.write(self.style.MIGRATE_HEADING("Operations to perform:"))
            if run_syncdb:
                if options["app_label"]:
                    self.stdout.write(
                        self.style.MIGRATE_LABEL(
                            "  Synchronize unmigrated app: %s" % app_label
                        )
                    )
                else:
                    self.stdout.write(
                        self.style.MIGRATE_LABEL("  Synchronize unmigrated apps: ")
                        + (", ".join(sorted(executor.loader.unmigrated_apps)))
                    )
            if target_app_labels_only:
                self.stdout.write(
                    self.style.MIGRATE_LABEL("  Apply all migrations: ")
                    + (", ".join(sorted({a for a, n in targets})) or "(none)")
                )
            else:
                if targets[0][1] is None:
                    self.stdout.write(
                        self.style.MIGRATE_LABEL("  Unapply all migrations: ")
                        + str(targets[0][0])
                    )
                else:
                    self.stdout.write(
                        self.style.MIGRATE_LABEL("  Target specific migration: ")
                        + "%s, from %s" % (targets[0][1], targets[0][0])
                    )
    
        pre_migrate_state = executor._create_project_state(with_applied_migrations=True)
        pre_migrate_apps = pre_migrate_state.apps
        emit_pre_migrate_signal(
            self.verbosity,
            self.interactive,
            connection.alias,
            stdout=self.stdout,
            apps=pre_migrate_apps,
            plan=plan,
        )
    
        # Run the syncdb phase.
        if run_syncdb:
            if self.verbosity >= 1:
                self.stdout.write(
                    self.style.MIGRATE_HEADING("Synchronizing apps without migrations:")
                )
            if options["app_label"]:
                self.sync_apps(connection, [app_label])
            else:
                self.sync_apps(connection, executor.loader.unmigrated_apps)
    
        # Migrate!
        if self.verbosity >= 1:
            self.stdout.write(self.style.MIGRATE_HEADING("Running migrations:"))
        if not plan:
            if self.verbosity >= 1:
                self.stdout.write("  No migrations to apply.")
                # If there's changes that aren't in migrations yet, tell them
                # how to fix it.
                autodetector = self.autodetector(
                    executor.loader.project_state(),
                    ProjectState.from_apps(apps),
                )
                changes = autodetector.changes(graph=executor.loader.graph)
                if changes:
                    self.stdout.write(
                        self.style.NOTICE(
                            "  Your models in app(s): %s have changes that are not "
                            "yet reflected in a migration, and so won't be "
                            "applied." % ", ".join(repr(app) for app in sorted(changes))
                        )
                    )
                    self.stdout.write(
                        self.style.NOTICE(
                            "  Run 'manage.py makemigrations' to make new "
                            "migrations, and then re-run 'manage.py migrate' to "
                            "apply them."
                        )
                    )
            fake = False
            fake_initial = False
        else:
            fake = options["fake"]
            fake_initial = options["fake_initial"]
>       post_migrate_state = executor.migrate(
            targets,
            plan=plan,
            state=pre_migrate_state.clone(),
            fake=fake,
            fake_initial=fake_initial,
        )

..\venv\Lib\site-packages\django\core\management\commands\migrate.py:354: 
_ _ _ _ _ _ _ _ _ _ _ _ _ _ _ _ _ _ _ _ _ _ _ _ _ _ _ _ _ _ _ _ _ _ _ _ _ _ _ _

self = <django.db.migrations.executor.MigrationExecutor object at 0x000001EB963E23C0>
targets = [('academico', '0012_turma_instituicao'), ('admin', '0003_logentry_add_action_flag_choices'), ('auth', '0012_alter_use...', '0008_accessfailurelog'), ('biblioteca', '0005_emprestimo_estado_conservacao'), ('calendario', '0001_initial'), ...]
plan = [(<Migration usuarios.0007_force_date_to_text>, False), (<Migration usuarios.0008_force_historical_date_to_text>, Fals...aluno_matricula_and_more>, False), (<Migration usuarios.0010_alter_aluno_numero_alter_aluno_telefone_and_more>, False)]
state = <django.db.migrations.state.ProjectState object at 0x000001EB965F6350>
fake = False, fake_initial = False

    def migrate(self, targets, plan=None, state=None, fake=False, fake_initial=False):
        """
        Migrate the database up to the given targets.
    
        Django first needs to create all project states before a migration is
        (un)applied and in a second step run all the database operations.
        """
        # The django_migrations table must be present to record applied
        # migrations, but don't create it if there are no migrations to apply.
        if plan == []:
            if not self.recorder.has_table():
                return self._create_project_state(with_applied_migrations=False)
        else:
            self.recorder.ensure_schema()
    
        if plan is None:
            plan = self.migration_plan(targets)
        # Create the forwards plan Django would follow on an empty database
        full_plan = self.migration_plan(
            self.loader.graph.leaf_nodes(), clean_start=True
        )
    
        all_forwards = all(not backwards for mig, backwards in plan)
        all_backwards = all(backwards for mig, backwards in plan)
    
        if not plan:
            if state is None:
                # The resulting state should include applied migrations.
                state = self._create_project_state(with_applied_migrations=True)
        elif all_forwards == all_backwards:
            # This should only happen if there's a mixed plan
            raise InvalidMigrationPlan(
                "Migration plans with both forwards and backwards migrations "
                "are not supported. Please split your migration process into "
                "separate plans of only forwards OR backwards migrations.",
                plan,
            )
        elif all_forwards:
            if state is None:
                # The resulting state should still include applied migrations.
                state = self._create_project_state(with_applied_migrations=True)
>           state = self._migrate_all_forwards(
                state, plan, full_plan, fake=fake, fake_initial=fake_initial
            )

..\venv\Lib\site-packages\django\db\migrations\executor.py:137: 
_ _ _ _ _ _ _ _ _ _ _ _ _ _ _ _ _ _ _ _ _ _ _ _ _ _ _ _ _ _ _ _ _ _ _ _ _ _ _ _

self = <django.db.migrations.executor.MigrationExecutor object at 0x000001EB963E23C0>
state = <django.db.migrations.state.ProjectState object at 0x000001EB965F6350>
plan = [(<Migration usuarios.0007_force_date_to_text>, False), (<Migration usuarios.0008_force_historical_date_to_text>, Fals...aluno_matricula_and_more>, False), (<Migration usuarios.0010_alter_aluno_numero_alter_aluno_telefone_and_more>, False)]
full_plan = [(<Migration comum.0001_initial>, False), (<Migration contenttypes.0001_initial>, False), (<Migration auth.0001_initia...False), (<Migration usuarios.0001_initial>, False), (<Migration usuarios.0002_add_status_matricula_aluno>, False), ...]
fake = False, fake_initial = False

    def _migrate_all_forwards(self, state, plan, full_plan, fake, fake_initial):
        """
        Take a list of 2-tuples of the form (migration instance, False) and
        apply them in the order they occur in the full_plan.
        """
        migrations_to_run = {m[0] for m in plan}
        for migration, _ in full_plan:
            if not migrations_to_run:
                # We remove every migration that we applied from these sets so
                # that we can bail out once the last migration has been applied
                # and don't always run until the very end of the migration
                # process.
                break
            if migration in migrations_to_run:
                if "apps" not in state.__dict__:
                    if self.progress_callback:
                        self.progress_callback("render_start")
                    state.apps  # Render all -- performance critical
                    if self.progress_callback:
                        self.progress_callback("render_success")
>               state = self.apply_migration(
                    state, migration, fake=fake, fake_initial=fake_initial
                )

..\venv\Lib\site-packages\django\db\migrations\executor.py:169: 
_ _ _ _ _ _ _ _ _ _ _ _ _ _ _ _ _ _ _ _ _ _ _ _ _ _ _ _ _ _ _ _ _ _ _ _ _ _ _ _

self = <django.db.migrations.executor.MigrationExecutor object at 0x000001EB963E23C0>
state = <django.db.migrations.state.ProjectState object at 0x000001EB965F6350>
migration = <Migration usuarios.0007_force_date_to_text>, fake = False
fake_initial = False

    def apply_migration(self, state, migration, fake=False, fake_initial=False):
        """Run a migration forwards."""
        migration_recorded = False
        if self.progress_callback:
            self.progress_callback("apply_start", migration, fake)
        if not fake:
            if fake_initial:
                # Test to see if this is an already-applied initial migration
                applied, state = self.detect_soft_applied(state, migration)
                if applied:
                    fake = True
            if not fake:
                # Alright, do it normally
                with self.connection.schema_editor(
                    atomic=migration.atomic
                ) as schema_editor:
>                   state = migration.apply(state, schema_editor)
                            ^^^^^^^^^^^^^^^^^^^^^^^^^^^^^^^^^^^^^

..\venv\Lib\site-packages\django\db\migrations\executor.py:257: 
_ _ _ _ _ _ _ _ _ _ _ _ _ _ _ _ _ _ _ _ _ _ _ _ _ _ _ _ _ _ _ _ _ _ _ _ _ _ _ _

self = <Migration usuarios.0007_force_date_to_text>
project_state = <django.db.migrations.state.ProjectState object at 0x000001EB965F6350>
schema_editor = <django.db.backends.mysql.schema.DatabaseSchemaEditor object at 0x000001EB967DE490>
collect_sql = False

    def apply(self, project_state, schema_editor, collect_sql=False):
        """
        Take a project_state representing all migrations prior to this one
        and a schema_editor for a live database and apply the migration
        in a forwards order.
    
        Return the resulting project state for efficient reuse by following
        Migrations.
        """
        for operation in self.operations:
            # If this operation cannot be represented as SQL, place a comment
            # there instead
            if collect_sql:
                schema_editor.collected_sql.append("--")
                schema_editor.collected_sql.append("-- %s" % operation.describe())
                schema_editor.collected_sql.append("--")
                if not operation.reduces_to_sql:
                    schema_editor.collected_sql.append(
                        "-- THIS OPERATION CANNOT BE WRITTEN AS SQL"
                    )
                    continue
                collected_sql_before = len(schema_editor.collected_sql)
            # Save the state before the operation has run
            old_state = project_state.clone()
            operation.state_forwards(self.app_label, project_state)
            # Run the operation
            atomic_operation = operation.atomic or (
                self.atomic and operation.atomic is not False
            )
            if not schema_editor.atomic_migration and atomic_operation:
                # Force a transaction on a non-transactional-DDL backend or an
                # atomic operation inside a non-atomic migration.
                with atomic(schema_editor.connection.alias):
>                   operation.database_forwards(
                        self.app_label, schema_editor, old_state, project_state
                    )

..\venv\Lib\site-packages\django\db\migrations\migration.py:127: 
_ _ _ _ _ _ _ _ _ _ _ _ _ _ _ _ _ _ _ _ _ _ _ _ _ _ _ _ _ _ _ _ _ _ _ _ _ _ _ _

self = <RunPython <function run_mysql_modify.<locals>.inner at 0x000001EB9644F530> reverse_code=<function run_mysql_modify.<locals>.inner_reverse at 0x000001EB9644F5E0>>
app_label = 'usuarios'
schema_editor = <django.db.backends.mysql.schema.DatabaseSchemaEditor object at 0x000001EB967DE490>
from_state = <django.db.migrations.state.ProjectState object at 0x000001EB967DE5D0>
to_state = <django.db.migrations.state.ProjectState object at 0x000001EB965F6350>

    def database_forwards(self, app_label, schema_editor, from_state, to_state):
        # RunPython has access to all models. Ensure that all models are
        # reloaded in case any are delayed.
        from_state.clear_delayed_apps_cache()
        if router.allow_migrate(
            schema_editor.connection.alias, app_label, **self.hints
        ):
            # We now execute the Python code in a context that contains a
            # 'models' object, representing the versioned models as an app
            # registry. We could try to override the global cache, but then
            # people will still use direct imports, so we go with a
            # documentation approach instead.
>           self.code(from_state.apps, schema_editor)

..\venv\Lib\site-packages\django\db\migrations\operations\special.py:199: 
_ _ _ _ _ _ _ _ _ _ _ _ _ _ _ _ _ _ _ _ _ _ _ _ _ _ _ _ _ _ _ _ _ _ _ _ _ _ _ _

apps = <django.db.migrations.state.StateApps object at 0x000001EB967DE710>
schema_editor = <django.db.backends.mysql.schema.DatabaseSchemaEditor object at 0x000001EB967DE490>

    def inner(apps, schema_editor):
        if schema_editor.connection.vendor == "mysql":
>           schema_editor.execute(sql)

apps\usuarios\migrations\0007_force_date_to_text.py:7: 
_ _ _ _ _ _ _ _ _ _ _ _ _ _ _ _ _ _ _ _ _ _ _ _ _ _ _ _ _ _ _ _ _ _ _ _ _ _ _ _

self = <django.db.backends.mysql.schema.DatabaseSchemaEditor object at 0x000001EB967DE490>
sql = 'ALTER TABLE core_professor MODIFY data_nascimento LONGTEXT;', params = ()

    def execute(self, sql, params=()):
        """Execute the given SQL statement, with optional parameters."""
        # Don't perform the transactional DDL check if SQL is being collected
        # as it's not going to be executed anyway.
        if (
            not self.collect_sql
            and self.connection.in_atomic_block
            and not self.connection.features.can_rollback_ddl
        ):
>           raise TransactionManagementError(
                "Executing DDL statements while in a transaction on databases "
                "that can't perform a rollback is prohibited."
            )
E           django.db.transaction.TransactionManagementError: Executing DDL statements while in a transaction on databases that can't perform a rollback is prohibited.

..\venv\Lib\site-packages\django\db\backends\base\schema.py:185: TransactionManagementError
_________________ ERROR at setup of test_api_logs_lgpd_mocked _________________

request = <SubRequest 'django_db_setup' for <Function test_painel_ti_access_mocked>>
django_test_environment = None
django_db_blocker = <pytest_django.plugin.DjangoDbBlocker object at 0x000001EB92231A90>
django_db_use_migrations = True, django_db_keepdb = True
django_db_createdb = False, django_db_modify_db_settings = None

    @pytest.fixture(scope="session")
    def django_db_setup(
        request: pytest.FixtureRequest,
        django_test_environment: None,  # noqa: ARG001
        django_db_blocker: DjangoDbBlocker,
        django_db_use_migrations: bool,
        django_db_keepdb: bool,
        django_db_createdb: bool,
        django_db_modify_db_settings: None,  # noqa: ARG001
    ) -> Generator[None, None, None]:
        """Top level fixture to ensure test databases are available"""
        from django.test.utils import setup_databases, teardown_databases
    
        setup_databases_args = {}
    
        if not django_db_use_migrations:
            _disable_migrations()
    
        if django_db_keepdb and not django_db_createdb:
            setup_databases_args["keepdb"] = True
    
        aliases, serialized_aliases = _get_databases_for_setup(request.session.items)
    
        with django_db_blocker.unblock():
>           db_cfg = setup_databases(
                verbosity=request.config.option.verbose,
                interactive=False,
                aliases=aliases,
                serialized_aliases=serialized_aliases,
                **setup_databases_args,
            )

..\venv\Lib\site-packages\pytest_django\fixtures.py:186: 
_ _ _ _ _ _ _ _ _ _ _ _ _ _ _ _ _ _ _ _ _ _ _ _ _ _ _ _ _ _ _ _ _ _ _ _ _ _ _ _

verbosity = 1, interactive = False
time_keeper = <django.test.utils.NullTimeKeeper object at 0x000001EB962B8830>
keepdb = True, debug_sql = False, parallel = 0, aliases = ['default']
serialized_aliases = set(), kwargs = {}
test_databases = {('sige-banco123-jguilhermesnetos.c.aivencloud.com', 23331, 'django.db.backends.mysql', 'test_defaultdb'): ('defaultdb', ['default'])}

    def setup_databases(
        verbosity,
        interactive,
        *,
        time_keeper=None,
        keepdb=False,
        debug_sql=False,
        parallel=0,
        aliases=None,
        serialized_aliases=None,
        **kwargs,
    ):
        """Create the test databases."""
        if time_keeper is None:
            time_keeper = NullTimeKeeper()
    
        test_databases, mirrored_aliases = get_unique_databases_and_mirrors(aliases)
    
        old_names = []
        serialize_connections = []
    
        for db_name, aliases in test_databases.values():
            first_alias = None
            for alias in aliases:
                connection = connections[alias]
                old_names.append((connection, db_name, first_alias is None))
    
                # Actually create the database for the first connection
                if first_alias is None:
                    first_alias = alias
                    with time_keeper.timed("  Creating '%s'" % alias):
>                       connection.creation.create_test_db(
                            verbosity=verbosity,
                            autoclobber=not interactive,
                            keepdb=keepdb,
                        )

..\venv\Lib\site-packages\django\test\utils.py:207: 
_ _ _ _ _ _ _ _ _ _ _ _ _ _ _ _ _ _ _ _ _ _ _ _ _ _ _ _ _ _ _ _ _ _ _ _ _ _ _ _

self = <django.db.backends.mysql.creation.DatabaseCreation object at 0x000001EB95C68590>
verbosity = 1, autoclobber = True, serialize = None, keepdb = True

    def create_test_db(
        self, verbosity=1, autoclobber=False, serialize=None, keepdb=False
    ):
        """
        Create a test database, prompting the user for confirmation if the
        database already exists. Return the name of the test database created.
        """
        # Don't import django.core.management if it isn't needed.
        from django.core.management import call_command
    
        test_database_name = self._get_test_db_name()
    
        if verbosity >= 1:
            action = "Creating"
            if keepdb:
                action = "Using existing"
    
            self.log(
                "%s test database for alias %s..."
                % (
                    action,
                    self._get_database_display_str(verbosity, test_database_name),
                )
            )
    
        # We could skip this call if keepdb is True, but we instead
        # give it the keepdb param. This is to handle the case
        # where the test DB doesn't exist, in which case we need to
        # create it, then just not destroy it. If we instead skip
        # this, we will get an exception.
        self._create_test_db(verbosity, autoclobber, keepdb)
    
        self.connection.close()
        settings.DATABASES[self.connection.alias]["NAME"] = test_database_name
        self.connection.settings_dict["NAME"] = test_database_name
    
        try:
            if self.connection.settings_dict["TEST"]["MIGRATE"] is False:
                # Disable migrations for all apps.
                old_migration_modules = settings.MIGRATION_MODULES
                settings.MIGRATION_MODULES = {
                    app.label: None for app in apps.get_app_configs()
                }
            # We report migrate messages at one level lower than that
            # requested. This ensures we don't get flooded with messages during
            # testing (unless you really ask to be flooded).
>           call_command(
                "migrate",
                verbosity=max(verbosity - 1, 0),
                interactive=False,
                database=self.connection.alias,
                run_syncdb=True,
            )

..\venv\Lib\site-packages\django\db\backends\base\creation.py:85: 
_ _ _ _ _ _ _ _ _ _ _ _ _ _ _ _ _ _ _ _ _ _ _ _ _ _ _ _ _ _ _ _ _ _ _ _ _ _ _ _

command_name = 'migrate', args = ()
options = {'database': 'default', 'interactive': False, 'run_syncdb': True, 'verbosity': 0}
command = <django.core.management.commands.migrate.Command object at 0x000001EB963E1A90>
app_name = 'django.core'
parser = CommandParser(prog=' migrate', usage=None, description='Updates database schema. Manages both apps with migrations and....', formatter_class=<class 'django.core.management.base.DjangoHelpFormatter'>, conflict_handler='error', add_help=True)
opt_mapping = {'check': 'check_unapplied', 'database': 'database', 'fake': 'fake', 'fake_initial': 'fake_initial', ...}
arg_options = {'database': 'default', 'interactive': False, 'run_syncdb': True, 'verbosity': 0}
parse_args = []

    def call_command(command_name, *args, **options):
        """
        Call the given command, with the given options and args/kwargs.
    
        This is the primary API you should use for calling specific commands.
    
        `command_name` may be a string or a command object. Using a string is
        preferred unless the command object is required for further processing or
        testing.
    
        Some examples:
            call_command('migrate')
            call_command('shell', plain=True)
            call_command('sqlmigrate', 'myapp')
    
            from django.core.management.commands import flush
            cmd = flush.Command()
            call_command(cmd, verbosity=0, interactive=False)
            # Do something with cmd ...
        """
        if isinstance(command_name, BaseCommand):
            # Command object passed in.
            command = command_name
            command_name = command.__class__.__module__.split(".")[-1]
        else:
            # Load the command object by name.
            try:
                app_name = get_commands()[command_name]
            except KeyError:
                raise CommandError("Unknown command: %r" % command_name)
    
            if isinstance(app_name, BaseCommand):
                # If the command is already loaded, use it directly.
                command = app_name
            else:
                command = load_command_class(app_name, command_name)
    
        # Simulate argument parsing to get the option defaults (see #10080 for
        # details).
        parser = command.create_parser("", command_name)
        # Use the `dest` option name from the parser option
        opt_mapping = {
            min(s_opt.option_strings).lstrip("-").replace("-", "_"): s_opt.dest
            for s_opt in parser._actions
            if s_opt.option_strings
        }
        arg_options = {opt_mapping.get(key, key): value for key, value in options.items()}
        parse_args = []
        for arg in args:
            if isinstance(arg, (list, tuple)):
                parse_args += map(str, arg)
            else:
                parse_args.append(str(arg))
    
        def get_actions(parser):
            # Parser actions and actions from sub-parser choices.
            for opt in parser._actions:
                if isinstance(opt, _SubParsersAction):
                    for sub_opt in opt.choices.values():
                        yield from get_actions(sub_opt)
                else:
                    yield opt
    
        parser_actions = list(get_actions(parser))
        mutually_exclusive_required_options = {
            opt
            for group in parser._mutually_exclusive_groups
            for opt in group._group_actions
            if group.required
        }
        # Any required arguments which are passed in via **options must be passed
        # to parse_args().
        for opt in parser_actions:
            if opt.dest in options and (
                opt.required or opt in mutually_exclusive_required_options
            ):
                opt_dest_count = sum(v == opt.dest for v in opt_mapping.values())
                if opt_dest_count > 1:
                    raise TypeError(
                        f"Cannot pass the dest {opt.dest!r} that matches multiple "
                        f"arguments via **options."
                    )
                parse_args.append(min(opt.option_strings))
                if isinstance(opt, (_AppendConstAction, _CountAction, _StoreConstAction)):
                    continue
                value = arg_options[opt.dest]
                if isinstance(value, (list, tuple)):
                    parse_args += map(str, value)
                else:
                    parse_args.append(str(value))
        defaults = parser.parse_args(args=parse_args)
        defaults = dict(defaults._get_kwargs(), **arg_options)
        # Raise an error if any unknown options were passed.
        stealth_options = set(command.base_stealth_options + command.stealth_options)
        dest_parameters = {action.dest for action in parser_actions}
        valid_options = (dest_parameters | stealth_options).union(opt_mapping)
        unknown_options = set(options) - valid_options
        if unknown_options:
            raise TypeError(
                "Unknown option(s) for %s command: %s. "
                "Valid options are: %s."
                % (
                    command_name,
                    ", ".join(sorted(unknown_options)),
                    ", ".join(sorted(valid_options)),
                )
            )
        # Move positional args out of options to mimic legacy optparse
        args = defaults.pop("args", ())
        if "skip_checks" not in options:
            defaults["skip_checks"] = True
    
>       return command.execute(*args, **defaults)
               ^^^^^^^^^^^^^^^^^^^^^^^^^^^^^^^^^^

..\venv\Lib\site-packages\django\core\management\__init__.py:195: 
_ _ _ _ _ _ _ _ _ _ _ _ _ _ _ _ _ _ _ _ _ _ _ _ _ _ _ _ _ _ _ _ _ _ _ _ _ _ _ _

self = <django.core.management.commands.migrate.Command object at 0x000001EB963E1A90>
args = ()
options = {'app_label': None, 'check_unapplied': False, 'database': 'default', 'fake': False, ...}

    def execute(self, *args, **options):
        """
        Try to execute this command, performing system checks if needed (as
        controlled by the ``requires_system_checks`` attribute, except if
        force-skipped).
        """
        if options["force_color"] and options["no_color"]:
            raise CommandError(
                "The --no-color and --force-color options can't be used together."
            )
        if options["force_color"]:
            self.style = color_style(force_color=True)
        elif options["no_color"]:
            self.style = no_style()
            self.stderr.style_func = None
        if options.get("stdout"):
            self.stdout = OutputWrapper(options["stdout"])
        if options.get("stderr"):
            self.stderr = OutputWrapper(options["stderr"])
    
        if self.requires_system_checks and not options["skip_checks"]:
            check_kwargs = self.get_check_kwargs(options)
            self.check(**check_kwargs)
        if self.requires_migrations_checks:
            self.check_migrations()
>       output = self.handle(*args, **options)
                 ^^^^^^^^^^^^^^^^^^^^^^^^^^^^^

..\venv\Lib\site-packages\django\core\management\base.py:464: 
_ _ _ _ _ _ _ _ _ _ _ _ _ _ _ _ _ _ _ _ _ _ _ _ _ _ _ _ _ _ _ _ _ _ _ _ _ _ _ _

args = (<django.core.management.commands.migrate.Command object at 0x000001EB963E1A90>,)
kwargs = {'app_label': None, 'check_unapplied': False, 'database': 'default', 'fake': False, ...}
translation = <module 'django.utils.translation' from 'C:\\Users\\gu268\\Projetos\\Django-projetos\\venv\\Lib\\site-packages\\django\\utils\\translation\\__init__.py'>
saved_locale = 'pt-br'

    def wrapper(*args, **kwargs):
        from django.utils import translation
    
        saved_locale = translation.get_language()
        translation.deactivate_all()
        try:
>           res = handle_func(*args, **kwargs)
                  ^^^^^^^^^^^^^^^^^^^^^^^^^^^^

..\venv\Lib\site-packages\django\core\management\base.py:111: 
_ _ _ _ _ _ _ _ _ _ _ _ _ _ _ _ _ _ _ _ _ _ _ _ _ _ _ _ _ _ _ _ _ _ _ _ _ _ _ _

self = <django.core.management.commands.migrate.Command object at 0x000001EB963E1A90>
args = ()
options = {'app_label': None, 'check_unapplied': False, 'database': 'default', 'fake': False, ...}
database = 'default', app_config = <AccountsConfig: impersonate>
connection = <DatabaseWrapper vendor='mysql' alias='default'>
executor = <django.db.migrations.executor.MigrationExecutor object at 0x000001EB963E23C0>
conflicts = {}
run_syncdb = {'channels', 'cloudinary', 'cloudinary_storage', 'corsheaders', 'daphne', 'dashboards', ...}
target_app_labels_only = True

    @no_translations
    def handle(self, *args, **options):
        database = options["database"]
        self.verbosity = options["verbosity"]
        self.interactive = options["interactive"]
    
        # Import the 'management' module within each installed app, to register
        # dispatcher events.
        for app_config in apps.get_app_configs():
            if module_has_submodule(app_config.module, "management"):
                import_module(".management", app_config.name)
    
        # Get the database we're operating from
        connection = connections[database]
    
        # Hook for backends needing any database preparation
        connection.prepare_database()
        # Work out which apps have migrations and which do not
        executor = MigrationExecutor(connection, self.migration_progress_callback)
    
        # Raise an error if any migrations are applied before their
        # dependencies.
        executor.loader.check_consistent_history(connection)
    
        # Before anything else, see if there's conflicting apps and drop out
        # hard if there are any
        conflicts = executor.loader.detect_conflicts()
        if conflicts:
            name_str = "; ".join(
                "%s in %s" % (", ".join(names), app) for app, names in conflicts.items()
            )
            raise CommandError(
                "Conflicting migrations detected; multiple leaf nodes in the "
                "migration graph: (%s).\nTo fix them run "
                "'python manage.py makemigrations --merge'" % name_str
            )
    
        # If they supplied command line arguments, work out what they mean.
        run_syncdb = options["run_syncdb"]
        target_app_labels_only = True
        if options["app_label"]:
            # Validate app_label.
            app_label = options["app_label"]
            try:
                apps.get_app_config(app_label)
            except LookupError as err:
                raise CommandError(str(err))
            if run_syncdb:
                if app_label in executor.loader.migrated_apps:
                    raise CommandError(
                        "Can't use run_syncdb with app '%s' as it has migrations."
                        % app_label
                    )
            elif app_label not in executor.loader.migrated_apps:
                raise CommandError("App '%s' does not have migrations." % app_label)
    
        if options["app_label"] and options["migration_name"]:
            migration_name = options["migration_name"]
            if migration_name == "zero":
                targets = [(app_label, None)]
            else:
                try:
                    migration = executor.loader.get_migration_by_prefix(
                        app_label, migration_name
                    )
                except AmbiguityError:
                    raise CommandError(
                        "More than one migration matches '%s' in app '%s'. "
                        "Please be more specific." % (migration_name, app_label)
                    )
                except KeyError:
                    raise CommandError(
                        "Cannot find a migration matching '%s' from app '%s'."
                        % (migration_name, app_label)
                    )
                target = (app_label, migration.name)
                # Partially applied squashed migrations are not included in the
                # graph, use the last replacement instead.
                if (
                    target not in executor.loader.graph.nodes
                    and target in executor.loader.replacements
                ):
                    incomplete_migration = executor.loader.replacements[target]
                    target = incomplete_migration.replaces[-1]
                targets = [target]
            target_app_labels_only = False
        elif options["app_label"]:
            targets = [
                key for key in executor.loader.graph.leaf_nodes() if key[0] == app_label
            ]
        else:
            targets = executor.loader.graph.leaf_nodes()
    
        if options["prune"]:
            if not options["app_label"]:
                raise CommandError(
                    "Migrations can be pruned only when an app is specified."
                )
            if self.verbosity > 0:
                self.stdout.write("Pruning migrations:", self.style.MIGRATE_HEADING)
            to_prune = sorted(
                migration
                for migration in set(executor.loader.applied_migrations)
                - set(executor.loader.disk_migrations)
                if migration[0] == app_label
            )
            squashed_migrations_with_deleted_replaced_migrations = [
                migration_key
                for migration_key, migration_obj in executor.loader.replacements.items()
                if any(replaced in to_prune for replaced in migration_obj.replaces)
            ]
            if squashed_migrations_with_deleted_replaced_migrations:
                self.stdout.write(
                    self.style.NOTICE(
                        "  Cannot use --prune because the following squashed "
                        "migrations have their 'replaces' attributes and may not "
                        "be recorded as applied:"
                    )
                )
                for migration in squashed_migrations_with_deleted_replaced_migrations:
                    app, name = migration
                    self.stdout.write(f"    {app}.{name}")
                self.stdout.write(
                    self.style.NOTICE(
                        "  Re-run 'manage.py migrate' if they are not marked as "
                        "applied, and remove 'replaces' attributes in their "
                        "Migration classes."
                    )
                )
            else:
                if to_prune:
                    for migration in to_prune:
                        app, name = migration
                        if self.verbosity > 0:
                            self.stdout.write(
                                self.style.MIGRATE_LABEL(f"  Pruning {app}.{name}"),
                                ending="",
                            )
                        executor.recorder.record_unapplied(app, name)
                        if self.verbosity > 0:
                            self.stdout.write(self.style.SUCCESS(" OK"))
                elif self.verbosity > 0:
                    self.stdout.write("  No migrations to prune.")
    
        plan = executor.migration_plan(targets)
    
        if options["plan"]:
            self.stdout.write("Planned operations:", self.style.MIGRATE_LABEL)
            if not plan:
                self.stdout.write("  No planned migration operations.")
            else:
                for migration, backwards in plan:
                    self.stdout.write(str(migration), self.style.MIGRATE_HEADING)
                    for operation in migration.operations:
                        message, is_error = self.describe_operation(
                            operation, backwards
                        )
                        style = self.style.WARNING if is_error else None
                        self.stdout.write("    " + message, style)
                if options["check_unapplied"]:
                    sys.exit(1)
            return
        if options["check_unapplied"]:
            if plan:
                sys.exit(1)
            return
        if options["prune"]:
            return
    
        # At this point, ignore run_syncdb if there aren't any apps to sync.
        run_syncdb = options["run_syncdb"] and executor.loader.unmigrated_apps
        # Print some useful info
        if self.verbosity >= 1:
            self.stdout.write(self.style.MIGRATE_HEADING("Operations to perform:"))
            if run_syncdb:
                if options["app_label"]:
                    self.stdout.write(
                        self.style.MIGRATE_LABEL(
                            "  Synchronize unmigrated app: %s" % app_label
                        )
                    )
                else:
                    self.stdout.write(
                        self.style.MIGRATE_LABEL("  Synchronize unmigrated apps: ")
                        + (", ".join(sorted(executor.loader.unmigrated_apps)))
                    )
            if target_app_labels_only:
                self.stdout.write(
                    self.style.MIGRATE_LABEL("  Apply all migrations: ")
                    + (", ".join(sorted({a for a, n in targets})) or "(none)")
                )
            else:
                if targets[0][1] is None:
                    self.stdout.write(
                        self.style.MIGRATE_LABEL("  Unapply all migrations: ")
                        + str(targets[0][0])
                    )
                else:
                    self.stdout.write(
                        self.style.MIGRATE_LABEL("  Target specific migration: ")
                        + "%s, from %s" % (targets[0][1], targets[0][0])
                    )
    
        pre_migrate_state = executor._create_project_state(with_applied_migrations=True)
        pre_migrate_apps = pre_migrate_state.apps
        emit_pre_migrate_signal(
            self.verbosity,
            self.interactive,
            connection.alias,
            stdout=self.stdout,
            apps=pre_migrate_apps,
            plan=plan,
        )
    
        # Run the syncdb phase.
        if run_syncdb:
            if self.verbosity >= 1:
                self.stdout.write(
                    self.style.MIGRATE_HEADING("Synchronizing apps without migrations:")
                )
            if options["app_label"]:
                self.sync_apps(connection, [app_label])
            else:
                self.sync_apps(connection, executor.loader.unmigrated_apps)
    
        # Migrate!
        if self.verbosity >= 1:
            self.stdout.write(self.style.MIGRATE_HEADING("Running migrations:"))
        if not plan:
            if self.verbosity >= 1:
                self.stdout.write("  No migrations to apply.")
                # If there's changes that aren't in migrations yet, tell them
                # how to fix it.
                autodetector = self.autodetector(
                    executor.loader.project_state(),
                    ProjectState.from_apps(apps),
                )
                changes = autodetector.changes(graph=executor.loader.graph)
                if changes:
                    self.stdout.write(
                        self.style.NOTICE(
                            "  Your models in app(s): %s have changes that are not "
                            "yet reflected in a migration, and so won't be "
                            "applied." % ", ".join(repr(app) for app in sorted(changes))
                        )
                    )
                    self.stdout.write(
                        self.style.NOTICE(
                            "  Run 'manage.py makemigrations' to make new "
                            "migrations, and then re-run 'manage.py migrate' to "
                            "apply them."
                        )
                    )
            fake = False
            fake_initial = False
        else:
            fake = options["fake"]
            fake_initial = options["fake_initial"]
>       post_migrate_state = executor.migrate(
            targets,
            plan=plan,
            state=pre_migrate_state.clone(),
            fake=fake,
            fake_initial=fake_initial,
        )

..\venv\Lib\site-packages\django\core\management\commands\migrate.py:354: 
_ _ _ _ _ _ _ _ _ _ _ _ _ _ _ _ _ _ _ _ _ _ _ _ _ _ _ _ _ _ _ _ _ _ _ _ _ _ _ _

self = <django.db.migrations.executor.MigrationExecutor object at 0x000001EB963E23C0>
targets = [('academico', '0012_turma_instituicao'), ('admin', '0003_logentry_add_action_flag_choices'), ('auth', '0012_alter_use...', '0008_accessfailurelog'), ('biblioteca', '0005_emprestimo_estado_conservacao'), ('calendario', '0001_initial'), ...]
plan = [(<Migration usuarios.0007_force_date_to_text>, False), (<Migration usuarios.0008_force_historical_date_to_text>, Fals...aluno_matricula_and_more>, False), (<Migration usuarios.0010_alter_aluno_numero_alter_aluno_telefone_and_more>, False)]
state = <django.db.migrations.state.ProjectState object at 0x000001EB965F6350>
fake = False, fake_initial = False

    def migrate(self, targets, plan=None, state=None, fake=False, fake_initial=False):
        """
        Migrate the database up to the given targets.
    
        Django first needs to create all project states before a migration is
        (un)applied and in a second step run all the database operations.
        """
        # The django_migrations table must be present to record applied
        # migrations, but don't create it if there are no migrations to apply.
        if plan == []:
            if not self.recorder.has_table():
                return self._create_project_state(with_applied_migrations=False)
        else:
            self.recorder.ensure_schema()
    
        if plan is None:
            plan = self.migration_plan(targets)
        # Create the forwards plan Django would follow on an empty database
        full_plan = self.migration_plan(
            self.loader.graph.leaf_nodes(), clean_start=True
        )
    
        all_forwards = all(not backwards for mig, backwards in plan)
        all_backwards = all(backwards for mig, backwards in plan)
    
        if not plan:
            if state is None:
                # The resulting state should include applied migrations.
                state = self._create_project_state(with_applied_migrations=True)
        elif all_forwards == all_backwards:
            # This should only happen if there's a mixed plan
            raise InvalidMigrationPlan(
                "Migration plans with both forwards and backwards migrations "
                "are not supported. Please split your migration process into "
                "separate plans of only forwards OR backwards migrations.",
                plan,
            )
        elif all_forwards:
            if state is None:
                # The resulting state should still include applied migrations.
                state = self._create_project_state(with_applied_migrations=True)
>           state = self._migrate_all_forwards(
                state, plan, full_plan, fake=fake, fake_initial=fake_initial
            )

..\venv\Lib\site-packages\django\db\migrations\executor.py:137: 
_ _ _ _ _ _ _ _ _ _ _ _ _ _ _ _ _ _ _ _ _ _ _ _ _ _ _ _ _ _ _ _ _ _ _ _ _ _ _ _

self = <django.db.migrations.executor.MigrationExecutor object at 0x000001EB963E23C0>
state = <django.db.migrations.state.ProjectState object at 0x000001EB965F6350>
plan = [(<Migration usuarios.0007_force_date_to_text>, False), (<Migration usuarios.0008_force_historical_date_to_text>, Fals...aluno_matricula_and_more>, False), (<Migration usuarios.0010_alter_aluno_numero_alter_aluno_telefone_and_more>, False)]
full_plan = [(<Migration comum.0001_initial>, False), (<Migration contenttypes.0001_initial>, False), (<Migration auth.0001_initia...False), (<Migration usuarios.0001_initial>, False), (<Migration usuarios.0002_add_status_matricula_aluno>, False), ...]
fake = False, fake_initial = False

    def _migrate_all_forwards(self, state, plan, full_plan, fake, fake_initial):
        """
        Take a list of 2-tuples of the form (migration instance, False) and
        apply them in the order they occur in the full_plan.
        """
        migrations_to_run = {m[0] for m in plan}
        for migration, _ in full_plan:
            if not migrations_to_run:
                # We remove every migration that we applied from these sets so
                # that we can bail out once the last migration has been applied
                # and don't always run until the very end of the migration
                # process.
                break
            if migration in migrations_to_run:
                if "apps" not in state.__dict__:
                    if self.progress_callback:
                        self.progress_callback("render_start")
                    state.apps  # Render all -- performance critical
                    if self.progress_callback:
                        self.progress_callback("render_success")
>               state = self.apply_migration(
                    state, migration, fake=fake, fake_initial=fake_initial
                )

..\venv\Lib\site-packages\django\db\migrations\executor.py:169: 
_ _ _ _ _ _ _ _ _ _ _ _ _ _ _ _ _ _ _ _ _ _ _ _ _ _ _ _ _ _ _ _ _ _ _ _ _ _ _ _

self = <django.db.migrations.executor.MigrationExecutor object at 0x000001EB963E23C0>
state = <django.db.migrations.state.ProjectState object at 0x000001EB965F6350>
migration = <Migration usuarios.0007_force_date_to_text>, fake = False
fake_initial = False

    def apply_migration(self, state, migration, fake=False, fake_initial=False):
        """Run a migration forwards."""
        migration_recorded = False
        if self.progress_callback:
            self.progress_callback("apply_start", migration, fake)
        if not fake:
            if fake_initial:
                # Test to see if this is an already-applied initial migration
                applied, state = self.detect_soft_applied(state, migration)
                if applied:
                    fake = True
            if not fake:
                # Alright, do it normally
                with self.connection.schema_editor(
                    atomic=migration.atomic
                ) as schema_editor:
>                   state = migration.apply(state, schema_editor)
                            ^^^^^^^^^^^^^^^^^^^^^^^^^^^^^^^^^^^^^

..\venv\Lib\site-packages\django\db\migrations\executor.py:257: 
_ _ _ _ _ _ _ _ _ _ _ _ _ _ _ _ _ _ _ _ _ _ _ _ _ _ _ _ _ _ _ _ _ _ _ _ _ _ _ _

self = <Migration usuarios.0007_force_date_to_text>
project_state = <django.db.migrations.state.ProjectState object at 0x000001EB965F6350>
schema_editor = <django.db.backends.mysql.schema.DatabaseSchemaEditor object at 0x000001EB967DE490>
collect_sql = False

    def apply(self, project_state, schema_editor, collect_sql=False):
        """
        Take a project_state representing all migrations prior to this one
        and a schema_editor for a live database and apply the migration
        in a forwards order.
    
        Return the resulting project state for efficient reuse by following
        Migrations.
        """
        for operation in self.operations:
            # If this operation cannot be represented as SQL, place a comment
            # there instead
            if collect_sql:
                schema_editor.collected_sql.append("--")
                schema_editor.collected_sql.append("-- %s" % operation.describe())
                schema_editor.collected_sql.append("--")
                if not operation.reduces_to_sql:
                    schema_editor.collected_sql.append(
                        "-- THIS OPERATION CANNOT BE WRITTEN AS SQL"
                    )
                    continue
                collected_sql_before = len(schema_editor.collected_sql)
            # Save the state before the operation has run
            old_state = project_state.clone()
            operation.state_forwards(self.app_label, project_state)
            # Run the operation
            atomic_operation = operation.atomic or (
                self.atomic and operation.atomic is not False
            )
            if not schema_editor.atomic_migration and atomic_operation:
                # Force a transaction on a non-transactional-DDL backend or an
                # atomic operation inside a non-atomic migration.
                with atomic(schema_editor.connection.alias):
>                   operation.database_forwards(
                        self.app_label, schema_editor, old_state, project_state
                    )

..\venv\Lib\site-packages\django\db\migrations\migration.py:127: 
_ _ _ _ _ _ _ _ _ _ _ _ _ _ _ _ _ _ _ _ _ _ _ _ _ _ _ _ _ _ _ _ _ _ _ _ _ _ _ _

self = <RunPython <function run_mysql_modify.<locals>.inner at 0x000001EB9644F530> reverse_code=<function run_mysql_modify.<locals>.inner_reverse at 0x000001EB9644F5E0>>
app_label = 'usuarios'
schema_editor = <django.db.backends.mysql.schema.DatabaseSchemaEditor object at 0x000001EB967DE490>
from_state = <django.db.migrations.state.ProjectState object at 0x000001EB967DE5D0>
to_state = <django.db.migrations.state.ProjectState object at 0x000001EB965F6350>

    def database_forwards(self, app_label, schema_editor, from_state, to_state):
        # RunPython has access to all models. Ensure that all models are
        # reloaded in case any are delayed.
        from_state.clear_delayed_apps_cache()
        if router.allow_migrate(
            schema_editor.connection.alias, app_label, **self.hints
        ):
            # We now execute the Python code in a context that contains a
            # 'models' object, representing the versioned models as an app
            # registry. We could try to override the global cache, but then
            # people will still use direct imports, so we go with a
            # documentation approach instead.
>           self.code(from_state.apps, schema_editor)

..\venv\Lib\site-packages\django\db\migrations\operations\special.py:199: 
_ _ _ _ _ _ _ _ _ _ _ _ _ _ _ _ _ _ _ _ _ _ _ _ _ _ _ _ _ _ _ _ _ _ _ _ _ _ _ _

apps = <django.db.migrations.state.StateApps object at 0x000001EB967DE710>
schema_editor = <django.db.backends.mysql.schema.DatabaseSchemaEditor object at 0x000001EB967DE490>

    def inner(apps, schema_editor):
        if schema_editor.connection.vendor == "mysql":
>           schema_editor.execute(sql)

apps\usuarios\migrations\0007_force_date_to_text.py:7: 
_ _ _ _ _ _ _ _ _ _ _ _ _ _ _ _ _ _ _ _ _ _ _ _ _ _ _ _ _ _ _ _ _ _ _ _ _ _ _ _

self = <django.db.backends.mysql.schema.DatabaseSchemaEditor object at 0x000001EB967DE490>
sql = 'ALTER TABLE core_professor MODIFY data_nascimento LONGTEXT;', params = ()

    def execute(self, sql, params=()):
        """Execute the given SQL statement, with optional parameters."""
        # Don't perform the transactional DDL check if SQL is being collected
        # as it's not going to be executed anyway.
        if (
            not self.collect_sql
            and self.connection.in_atomic_block
            and not self.connection.features.can_rollback_ddl
        ):
>           raise TransactionManagementError(
                "Executing DDL statements while in a transaction on databases "
                "that can't perform a rollback is prohibited."
            )
E           django.db.transaction.TransactionManagementError: Executing DDL statements while in a transaction on databases that can't perform a rollback is prohibited.

..\venv\Lib\site-packages\django\db\backends\base\schema.py:185: TransactionManagementError
============================== warnings summary ===============================
..\venv\Lib\site-packages\daphne\__init__.py:14
  C:\Users\gu268\Projetos\Django-projetos\venv\Lib\site-packages\daphne\__init__.py:14: DeprecationWarning: 'asyncio.WindowsSelectorEventLoopPolicy' is deprecated and slated for removal in Python 3.16
    asyncio.set_event_loop_policy(asyncio.WindowsSelectorEventLoopPolicy())

..\venv\Lib\site-packages\daphne\__init__.py:14
  C:\Users\gu268\Projetos\Django-projetos\venv\Lib\site-packages\daphne\__init__.py:14: DeprecationWarning: 'asyncio.set_event_loop_policy' is deprecated and slated for removal in Python 3.16
    asyncio.set_event_loop_policy(asyncio.WindowsSelectorEventLoopPolicy())

-- Docs: https://docs.pytest.org/en/stable/how-to/capture-warnings.html
=============================== tests coverage ================================
_______________ coverage: platform win32, python 3.14.3-final-0 _______________

Coverage HTML written to dir htmlcov
=========================== short test summary info ===========================
ERROR apps/ti/tests/test_ti_views.py::test_painel_ti_access_mocked - django.d...
ERROR apps/ti/tests/test_ti_views.py::test_infraestrutura_ti_access_mocked - ...
ERROR apps/ti/tests/test_ti_views.py::test_api_logs_lgpd_mocked - django.db.t...
======================= 2 warnings, 3 errors in 13.83s ========================
